../Core/Src/fatfs_sd_card.c:22:6:set_sd_cs_pin	16	static
../Core/Src/fatfs_sd_card.c:37:13:SELECT	8	static
../Core/Src/fatfs_sd_card.c:44:13:DESELECT	8	static
../Core/Src/fatfs_sd_card.c:51:13:SPI_TxByte	16	static
../Core/Src/fatfs_sd_card.c:58:13:SPI_TxBuffer	16	static
../Core/Src/fatfs_sd_card.c:65:16:SPI_RxByte	24	static
../Core/Src/fatfs_sd_card.c:77:13:SPI_RxBytePtr	16	static
../Core/Src/fatfs_sd_card.c:87:16:SD_ReadyWait	16	static
../Core/Src/fatfs_sd_card.c:103:13:SD_PowerOn	24	static
../Core/Src/fatfs_sd_card.c:141:13:SD_PowerOff	4	static
../Core/Src/fatfs_sd_card.c:147:16:SD_CheckPower	4	static
../Core/Src/fatfs_sd_card.c:153:13:SD_RxDataBlock	24	static
../Core/Src/fatfs_sd_card.c:182:13:SD_TxDataBlock	24	static
../Core/Src/fatfs_sd_card.c:224:13:SD_SendCmd	24	static
../Core/Src/fatfs_sd_card.c:263:9:SD_disk_initialize	32	static
../Core/Src/fatfs_sd_card.c:363:9:SD_disk_status	16	static
../Core/Src/fatfs_sd_card.c:370:9:SD_disk_read	24	static
../Core/Src/fatfs_sd_card.c:412:9:SD_disk_write	24	static
../Core/Src/fatfs_sd_card.c:467:9:SD_disk_ioctl	56	static
