../Core/Src/main.c:83:5:main	312	static
../Core/Src/main.c:182:6:SystemClock_Config	72	static
../Core/Src/main.c:219:13:MX_SPI2_Init	8	static
../Core/Src/main.c:257:13:MX_USART1_UART_Init	8	static
../Core/Src/main.c:290:13:MX_GPIO_Init	40	static
../Core/Src/main.c:338:6:HAL_SYSTICK_Callback	4	static
../Core/Src/main.c:349:6:SD_CS_Select	16	static
../Core/Src/main.c:360:6:SD_CS_Deselect	16	static
../Core/Src/main.c:373:6:write_to_sd_card	8320	static
../Core/Src/main.c:444:6:read_from_sd_card	8320	static
../Core/Src/main.c:511:6:write_to_both_sd_cards	16	static
../Core/Src/main.c:534:6:read_from_both_sd_cards	416	static
../Core/Src/main.c:560:6:write_to_sd	8312	static
../Core/Src/main.c:600:6:read_from_sd	8312	static
../Core/Src/main.c:634:5:__io_putchar	16	static
../Core/Src/main.c:651:6:process_SD_card	8424	static
../Core/Src/main.c:754:6:Error_Handler	4	static,ignoring_inline_asm
../Core/Src/main.c:787:6:test_sd_card_connection	4184	static
